2026-04-25T05:31:40.821Z - [32minfo[39m: Website generation (lazy) started at 13:31:39
2026-04-25T05:31:41.704Z - [32minfo[39m: Building assets...
2026-04-25T05:31:43.770Z - [32minfo[39m: Assets built
2026-04-25T05:31:43.773Z - [32minfo[39m: Generating landing page...
2026-04-25T05:31:44.726Z - [36mverbose[39m: Rendering page: /Users/damithch/Repos/nus-cs2103/cs2103-website-base/index.md
2026-04-25T05:31:44.781Z - [32minfo[39m: Landing page built, other pages will be built as you navigate to them!
2026-04-25T05:31:44.889Z - [32minfo[39m: Site data built
2026-04-25T05:31:44.889Z - [32minfo[39m: Website generation (lazy) complete! Total build time: 4.953s
2026-04-25T05:31:44.922Z - [32minfo[39m: Serving "/Users/damithch/Repos/nus-cs2103/cs2103-website-base/_site" at http://127.0.0.1:8080
2026-04-25T05:31:44.923Z - [32minfo[39m: Press CTRL+C to stop ...
2026-04-25T05:31:53.189Z - [32minfo[39m: Building /Users/damithch/Repos/nus-cs2103/cs2103-website-base/admin/tp-pe as some of its dependencies were changed since the last visit
2026-04-25T05:31:55.597Z - [34mdebug[39m: 
2026-04-25T05:31:55.606Z - [34mdebug[39m: 
2026-04-25T05:31:55.656Z - [36mverbose[39m: Rendering page: /Users/damithch/Repos/nus-cs2103/cs2103-website-base/admin/tp-pe.md
2026-04-25T05:31:55.711Z - [32minfo[39m: Site data built
2026-04-25T05:31:55.711Z - [32minfo[39m: Lazy website regeneration complete! Total build time: 2.523s
2026-04-25T05:33:15.770Z - [32minfo[39m: [13:33:15] Reload for file change: /Users/damithch/Repos/nus-cs2103/cs2103-website-base/admin/tp-pe-fragment.md
2026-04-25T05:33:15.771Z - [32minfo[39m: Synchronizing opened pages list before reload
2026-04-25T05:33:15.772Z - [32minfo[39m: Current opened pages, from most-to-least recent:
2026-04-25T05:33:15.773Z - [32minfo[39m: 1. admin/tp-pe
2026-04-25T05:33:16.778Z - [32minfo[39m: Rebuilding 1 pages
2026-04-25T05:33:17.718Z - [36mverbose[39m: Rendering page: /Users/damithch/Repos/nus-cs2103/cs2103-website-base/admin/tp-pe.md
2026-04-25T05:33:17.763Z - [32minfo[39m: Site data built
2026-04-25T05:33:17.763Z - [32minfo[39m: Pages rebuilt
2026-04-25T05:33:17.763Z - [32minfo[39m: Website regeneration complete! Total build time: 0.988s
2026-04-25T05:34:54.279Z - [32minfo[39m: [13:34:54] Reload for file change: /Users/damithch/Repos/nus-cs2103/cs2103-website-base/admin/tp-pe-fragment.md
2026-04-25T05:34:54.280Z - [32minfo[39m: Synchronizing opened pages list before reload
2026-04-25T05:34:54.280Z - [32minfo[39m: Current opened pages, from most-to-least recent:
2026-04-25T05:34:54.280Z - [32minfo[39m: 1. admin/tp-pe
2026-04-25T05:34:55.290Z - [32minfo[39m: Rebuilding 1 pages
2026-04-25T05:34:56.246Z - [36mverbose[39m: Rendering page: /Users/damithch/Repos/nus-cs2103/cs2103-website-base/admin/tp-pe.md
2026-04-25T05:34:56.292Z - [32minfo[39m: Site data built
2026-04-25T05:34:56.292Z - [32minfo[39m: Pages rebuilt
2026-04-25T05:34:56.292Z - [32minfo[39m: Website regeneration complete! Total build time: 1.006s
2026-04-25T05:38:27.285Z - [32minfo[39m: [13:38:27] Reload for file change: /Users/damithch/Repos/nus-cs2103/cs2103-website-base/admin/tp-pe-fragment.md
2026-04-25T05:38:27.287Z - [32minfo[39m: Synchronizing opened pages list before reload
2026-04-25T05:38:27.288Z - [32minfo[39m: Current opened pages, from most-to-least recent:
2026-04-25T05:38:27.288Z - [32minfo[39m: 1. admin/tp-pe
2026-04-25T05:38:28.299Z - [32minfo[39m: Rebuilding 1 pages
2026-04-25T05:38:29.280Z - [36mverbose[39m: Rendering page: /Users/damithch/Repos/nus-cs2103/cs2103-website-base/admin/tp-pe.md
2026-04-25T05:38:29.327Z - [32minfo[39m: Site data built
2026-04-25T05:38:29.327Z - [32minfo[39m: Pages rebuilt
2026-04-25T05:38:29.327Z - [32minfo[39m: Website regeneration complete! Total build time: 1.033s
2026-04-25T05:38:46.024Z - [32minfo[39m: [13:38:46] Reload for file change: /Users/damithch/Repos/nus-cs2103/cs2103-website-base/admin/tp-pe-fragment.md
2026-04-25T05:38:46.025Z - [32minfo[39m: Synchronizing opened pages list before reload
2026-04-25T05:38:46.025Z - [32minfo[39m: Current opened pages, from most-to-least recent:
2026-04-25T05:38:46.025Z - [32minfo[39m: 1. admin/tp-pe
2026-04-25T05:38:47.043Z - [32minfo[39m: Rebuilding 1 pages
2026-04-25T05:38:48.008Z - [36mverbose[39m: Rendering page: /Users/damithch/Repos/nus-cs2103/cs2103-website-base/admin/tp-pe.md
2026-04-25T05:38:48.053Z - [32minfo[39m: Site data built
2026-04-25T05:38:48.054Z - [32minfo[39m: Pages rebuilt
2026-04-25T05:38:48.054Z - [32minfo[39m: Website regeneration complete! Total build time: 1.014s
2026-04-25T05:39:19.216Z - [32minfo[39m: [13:39:19] Reload for file change: /Users/damithch/Repos/nus-cs2103/cs2103-website-base/admin/tp-pe-fragment.md
2026-04-25T05:39:19.217Z - [32minfo[39m: Synchronizing opened pages list before reload
2026-04-25T05:39:19.218Z - [32minfo[39m: Current opened pages, from most-to-least recent:
2026-04-25T05:39:19.218Z - [32minfo[39m: 1. admin/tp-pe
2026-04-25T05:39:20.233Z - [32minfo[39m: Rebuilding 1 pages
2026-04-25T05:39:21.230Z - [36mverbose[39m: Rendering page: /Users/damithch/Repos/nus-cs2103/cs2103-website-base/admin/tp-pe.md
2026-04-25T05:39:21.275Z - [32minfo[39m: Site data built
2026-04-25T05:39:21.275Z - [32minfo[39m: Pages rebuilt
2026-04-25T05:39:21.275Z - [32minfo[39m: Website regeneration complete! Total build time: 1.045s
2026-04-25T05:39:32.738Z - [32minfo[39m: [13:39:32] Reload for file change: /Users/damithch/Repos/nus-cs2103/cs2103-website-base/admin/tp-pe-fragment.md
2026-04-25T05:39:32.739Z - [32minfo[39m: Synchronizing opened pages list before reload
2026-04-25T05:39:32.739Z - [32minfo[39m: Current opened pages, from most-to-least recent:
2026-04-25T05:39:32.739Z - [32minfo[39m: 1. admin/tp-pe
2026-04-25T05:39:33.742Z - [32minfo[39m: Rebuilding 1 pages
2026-04-25T05:39:34.687Z - [36mverbose[39m: Rendering page: /Users/damithch/Repos/nus-cs2103/cs2103-website-base/admin/tp-pe.md
2026-04-25T05:39:34.732Z - [32minfo[39m: Site data built
2026-04-25T05:39:34.732Z - [32minfo[39m: Pages rebuilt
2026-04-25T05:39:34.732Z - [32minfo[39m: Website regeneration complete! Total build time: 0.992s
2026-04-25T05:40:21.600Z - [32minfo[39m: [13:40:21] Reload for file change: /Users/damithch/Repos/nus-cs2103/cs2103-website-base/admin/tp-pe-fragment.md
2026-04-25T05:40:21.602Z - [32minfo[39m: Synchronizing opened pages list before reload
2026-04-25T05:40:21.602Z - [32minfo[39m: Current opened pages, from most-to-least recent:
2026-04-25T05:40:21.603Z - [32minfo[39m: 1. admin/tp-pe
2026-04-25T05:40:22.610Z - [32minfo[39m: Rebuilding 1 pages
2026-04-25T05:40:23.567Z - [36mverbose[39m: Rendering page: /Users/damithch/Repos/nus-cs2103/cs2103-website-base/admin/tp-pe.md
2026-04-25T05:40:23.613Z - [32minfo[39m: Site data built
2026-04-25T05:40:23.613Z - [32minfo[39m: Pages rebuilt
2026-04-25T05:40:23.613Z - [32minfo[39m: Website regeneration complete! Total build time: 1.007s
2026-04-25T05:43:22.040Z - [32minfo[39m: [13:43:22] Reload for file change: /Users/damithch/Repos/nus-cs2103/cs2103-website-base/admin/tp-pe-fragment.md
2026-04-25T05:43:22.042Z - [32minfo[39m: Synchronizing opened pages list before reload
2026-04-25T05:43:22.043Z - [32minfo[39m: Current opened pages, from most-to-least recent:
2026-04-25T05:43:22.043Z - [32minfo[39m: 1. admin/tp-pe
2026-04-25T05:43:23.051Z - [32minfo[39m: Rebuilding 1 pages
2026-04-25T05:43:24.012Z - [36mverbose[39m: Rendering page: /Users/damithch/Repos/nus-cs2103/cs2103-website-base/admin/tp-pe.md
2026-04-25T05:43:24.057Z - [32minfo[39m: Site data built
2026-04-25T05:43:24.057Z - [32minfo[39m: Pages rebuilt
2026-04-25T05:43:24.057Z - [32minfo[39m: Website regeneration complete! Total build time: 1.008s
2026-04-25T05:44:03.407Z - [32minfo[39m: [13:44:03] Reload for file change: /Users/damithch/Repos/nus-cs2103/cs2103-website-base/admin/tp-pe-fragment.md
2026-04-25T05:44:03.409Z - [32minfo[39m: Synchronizing opened pages list before reload
2026-04-25T05:44:03.410Z - [32minfo[39m: Current opened pages, from most-to-least recent:
2026-04-25T05:44:03.410Z - [32minfo[39m: 1. admin/tp-pe
2026-04-25T05:44:04.435Z - [32minfo[39m: Rebuilding 1 pages
2026-04-25T05:44:05.425Z - [36mverbose[39m: Rendering page: /Users/damithch/Repos/nus-cs2103/cs2103-website-base/admin/tp-pe.md
2026-04-25T05:44:05.468Z - [32minfo[39m: Site data built
2026-04-25T05:44:05.468Z - [32minfo[39m: Pages rebuilt
2026-04-25T05:44:05.468Z - [32minfo[39m: Website regeneration complete! Total build time: 1.048s
2026-04-25T05:45:14.649Z - [32minfo[39m: [13:45:14] Reload for file change: /Users/damithch/Repos/nus-cs2103/cs2103-website-base/admin/tp-pe-fragment.md
2026-04-25T05:45:14.651Z - [32minfo[39m: Synchronizing opened pages list before reload
2026-04-25T05:45:14.651Z - [32minfo[39m: Current opened pages, from most-to-least recent:
2026-04-25T05:45:14.652Z - [32minfo[39m: 1. admin/tp-pe
2026-04-25T05:45:15.661Z - [32minfo[39m: Rebuilding 1 pages
2026-04-25T05:45:16.728Z - [36mverbose[39m: Rendering page: /Users/damithch/Repos/nus-cs2103/cs2103-website-base/admin/tp-pe.md
2026-04-25T05:45:16.776Z - [32minfo[39m: Site data built
2026-04-25T05:45:16.776Z - [32minfo[39m: Pages rebuilt
2026-04-25T05:45:16.776Z - [32minfo[39m: Website regeneration complete! Total build time: 1.119s
